---
created: "2019-06-23T23:00:21.101274919Z"
creator: insta@0.8.1
source: indentexlib/tests/integration_test.rs
expression: "transpile_from_file(\"list_like\")"
---
% ============================================================== %
%                                                                %
% THIS IS AN AUTOGENERATED FILE. DO NOT EDIT THIS FILE DIRECTLY. %
%                                                                %
% ============================================================== %
These lines should not be converted:
* a
\* b
\\* c


These lines should be converted to items:
\begin{itemize}
  \item яблоки
  \item груши
  \item абрикосы
\end{itemize}

\begin{enumerate}
  \item Alice
  \item Bob
  \item
\end{enumerate}

\begin{description}
  \item [Ä] letter Ä
  \item [Ü] letter Ü
\end{description}


\begin{itemize}
  \item first level, first item
    \begin{itemize}
      \item second level, first item
      \item second level, second item
    \end{itemize}
  \item first level, second item
    \begin{equation}
      * % this should not be converted
    \end{equation}
\end{itemize}


\begin{enumerate}
  \item This should be converted to an item
  \* and this not
\end{enumerate}

