---
created: "2019-06-25T21:46:04.744068090Z"
creator: insta@0.8.1
source: indentexlib/tests/integration_test.rs
expression: "transpile_from_file(\"corner_cases.inden.tex\")"
---
% ============================================================== %
%                                                                %
% THIS IS AN AUTOGENERATED FILE. DO NOT EDIT THIS FILE DIRECTLY. %
%                                                                %
% ============================================================== %
\begin{foo}\bar
  abc
\end{foo}

\foo\bar{baz}

\begin{foo}\bar
\end{foo}

the following lines should have trailing whitespaces in the input file
\begin{foo}bar
  abc
\end{foo}
\foobar{baz}
\begin{foo}bar
\end{foo}

\foo1{bar}
\foo1{bar}
\begin{foo1}
  qux
\end{foo1}
\begin{foo}1
  qux
\end{foo}

