---
created: "2019-06-25T21:46:04.748819380Z"
creator: insta@0.8.1
source: indentexlib/tests/integration_test.rs
expression: "transpile_from_file(\"mixed_tabs.inden.tex\")"
---
% ============================================================== %
%                                                                %
% THIS IS AN AUTOGENERATED FILE. DO NOT EDIT THIS FILE DIRECTLY. %
%                                                                %
% ============================================================== %
	# foo: bar
\begin{level0}
 \begin{level1}
		level2
   \begin{level3}
				level4
   \end{level3}
   \begin{level3}
   \end{level3}
			level3
 \end{level1}
\end{level0}

