---
created: "2019-06-23T23:00:21.101271654Z"
creator: insta@0.8.1
source: indentexlib/tests/integration_test.rs
expression: "transpile_from_file(\"envs\")"
---
% ============================================================== %
%                                                                %
% THIS IS AN AUTOGENERATED FILE. DO NOT EDIT THIS FILE DIRECTLY. %
%                                                                %
% ============================================================== %
\begin{equation*}
  \label{eq:test}
  a + b
\end{equation*}

\begin{tikzpicture}[x = 2 cm]
  \draw (0, 0) -- (1, 1);
\end{tikzpicture}

Comments should be handled correctly:
\begin{equation} % test
  a + b
\end{equation}
\begin{remark}[test percent escaping \%] % baz
  foo bar
\end{remark}

This should be converted correctly (also check if all environments are closed at the EOF):
\begin{a}
  \begin{b}
    \begin{c}
      \begin{d}
        \begin{e}
          \begin{f}
            \begin{g}
              \begin{h}
                \begin{i}
                  foobar
                \end{i}
              \end{h}
            \end{g}
          \end{f}
        \end{e}
      \end{d}
    \end{c}
  \end{b}
\end{a}

