---
created: "2019-06-25T21:46:04.750010453Z"
creator: insta@0.8.1
source: indentexlib/tests/integration_test.rs
expression: "transpile_from_file(\"single_line_cmds.inden.tex\")"
---
% ============================================================== %
%                                                                %
% THIS IS AN AUTOGENERATED FILE. DO NOT EDIT THIS FILE DIRECTLY. %
%                                                                %
% ============================================================== %
This should be converted:
\section{Foo bar}
\section{Foo: bar}
\section[Foo bar]{Foo bar}
\section[Foo: bar]{Foo: bar}
\section*{spam eggs}

Comments should be handled correctly:
\section{foo bar} % test
\section{\% baz} % test

This should not be converted:
# section
#section: Foo
# sec%tion: foo bar
# section % baz: foo bar

