---
created: "2019-06-16T17:49:12.294072883Z"
creator: insta@0.8.1
source: src/transpile.rs
expression: "transpile(input, &to)"
---
\begin{foo}\bar
  qux
\end{foo}
\foo\bar{baz}
\begin{foo}\bar
\end{foo}
\foo1{bar}
\foo1{bar}
\begin{foo1}
  qux
\end{foo1}
\begin{foo}1
  qux
\end{foo}

